// Jest Snapshot v1, https://goo.gl/fbAQLP

exports[`App component renders App 1`] = `
<DocumentFragment>
  <div
    class="black-box"
  >
    <div
      class="light inactive"
    />
    <div
      class="light inactive"
    />
    <div
      class="light inactive"
    />
  </div>
</DocumentFragment>
`;
